// Jest Snapshot v1, https://goo.gl/fbAQLP

exports[`LineImgList renders correctly 1`] = `
<div
  className="sc-hKgILt gxdpBG"
>
  <section
    className="sc-eCssSg hTpebd"
  >
    <a
      className="sc-jSgupP btasya"
      href=""
    >
      <figure
        className="sc-dlfnbm gHjUtb"
      >
        <img
          alt=""
          className="sc-bdfBwQ gQxvEX"
          src=""
        />
        <figcaption
          className="sc-gsTCUz UlJRq"
        >
          <div>
            <h1>
              
            </h1>
          </div>
        </figcaption>
      </figure>
    </a>
  </section>
</div>
`;
